./scripts/test.sh: line 4: ./gradlew: No such file or directory
